// Jest Snapshot v1, https://goo.gl/fbAQLP

exports[`Test SearchBox Component should render SearchBox component 1`] = `
<form
  className="sc-bcXHqe jEOLbp"
>
  <svg
    fill="none"
    height="1em"
    stroke="currentColor"
    strokeLinecap="round"
    strokeLinejoin="round"
    strokeWidth="2"
    style={
      Object {
        "color": undefined,
      }
    }
    viewBox="0 0 24 24"
    width="1em"
    xmlns="http://www.w3.org/2000/svg"
  >
    <circle
      cx="11"
      cy="11"
      r="8"
    />
    <line
      x1="21"
      x2="16.65"
      y1="21"
      y2="16.65"
    />
  </svg>
  <input
    className="search__input"
    maxLength={50}
    onChange={[Function]}
    placeholder="Search by name..."
    type="text"
  />
</form>
`;
